Fetching distribution.
Downloading https://services.gradle.org/distributions/gradle-8.10.2-bin.zip
.............10%.............20%.............30%.............40%.............50%.............60%.............70%.............80%.............90%.............100%

Welcome to Gradle 8.10.2!

Here are the highlights of this release:
 - Support for Java 23
 - Faster configuration cache
 - Better configuration cache reports

For more details see https://docs.gradle.org/8.10.2/release-notes.html

To honour the JVM settings for this build a single-use Daemon process will be forked. For more on this, please refer to https://docs.gradle.org/8.10.2/userguide/gradle_daemon.html#sec:disabling_the_daemon in the Gradle documentation.
Daemon will be stopped at the end of the build 

> Configure project :app
e: file:///home/runner/work/personal-finance-manager/personal-finance-manager/app/build.gradle.kts:2:31: Unresolved reference. None of the following candidates is applicable because of receiver type mismatch: 
public inline operator fun BigDecimal.minus(other: BigDecimal): BigDecimal defined in kotlin
public inline operator fun BigInteger.minus(other: BigInteger): BigInteger defined in kotlin
public operator fun <T> Iterable<TypeVariable(T)>.minus(element: TypeVariable(T)): List<TypeVariable(T)> defined in kotlin.collections
public operator fun <T> Iterable<TypeVariable(T)>.minus(elements: Array<out TypeVariable(T)>): List<TypeVariable(T)> defined in kotlin.collections
public operator fun <T> Iterable<TypeVariable(T)>.minus(elements: Iterable<TypeVariable(T)>): List<TypeVariable(T)> defined in kotlin.collections
public operator fun <T> Iterable<TypeVariable(T)>.minus(elements: Sequence<TypeVariable(T)>): List<TypeVariable(T)> defined in kotlin.collections
public operator fun <K, V> Map<out TypeVariable(K), TypeVariable(V)>.minus(key: TypeVariable(K)): Map<TypeVariable(K), TypeVariable(V)> defined in kotlin.collections
public operator fun <K, V> Map<out TypeVariable(K), TypeVariable(V)>.minus(keys: Array<out TypeVariable(K)>): Map<TypeVariable(K), TypeVariable(V)> defined in kotlin.collections
public operator fun <K, V> Map<out TypeVariable(K), TypeVariable(V)>.minus(keys: Iterable<TypeVariable(K)>): Map<TypeVariable(K), TypeVariable(V)> defined in kotlin.collections
public operator fun <K, V> Map<out TypeVariable(K), TypeVariable(V)>.minus(keys: Sequence<TypeVariable(K)>): Map<TypeVariable(K), TypeVariable(V)> defined in kotlin.collections
public operator fun <T> Set<TypeVariable(T)>.minus(element: TypeVariable(T)): Set<TypeVariable(T)> defined in kotlin.collections
public operator fun <T> Set<TypeVariable(T)>.minus(elements: Array<out TypeVariable(T)>): Set<TypeVariable(T)> defined in kotlin.collections
public operator fun <T> Set<TypeVariable(T)>.minus(elements: Iterable<TypeVariable(T)>): Set<TypeVariable(T)> defined in kotlin.collections
public operator fun <T> Set<TypeVariable(T)>.minus(elements: Sequence<TypeVariable(T)>): Set<TypeVariable(T)> defined in kotlin.collections
public operator fun <T> Sequence<TypeVariable(T)>.minus(element: TypeVariable(T)): Sequence<TypeVariable(T)> defined in kotlin.sequences
public operator fun <T> Sequence<TypeVariable(T)>.minus(elements: Array<out TypeVariable(T)>): Sequence<TypeVariable(T)> defined in kotlin.sequences
public operator fun <T> Sequence<TypeVariable(T)>.minus(elements: Iterable<TypeVariable(T)>): Sequence<TypeVariable(T)> defined in kotlin.sequences
public operator fun <T> Sequence<TypeVariable(T)>.minus(elements: Sequence<TypeVariable(T)>): Sequence<TypeVariable(T)> defined in kotlin.sequences
e: file:///home/runner/work/personal-finance-manager/personal-finance-manager/app/build.gradle.kts:3:30: Unresolved reference. None of the following candidates is applicable because of receiver type mismatch: 
public inline operator fun BigDecimal.minus(other: BigDecimal): BigDecimal defined in kotlin
public inline operator fun BigInteger.minus(other: BigInteger): BigInteger defined in kotlin
public operator fun <T> Iterable<TypeVariable(T)>.minus(element: TypeVariable(T)): List<TypeVariable(T)> defined in kotlin.collections
public operator fun <T> Iterable<TypeVariable(T)>.minus(elements: Array<out TypeVariable(T)>): List<TypeVariable(T)> defined in kotlin.collections
public operator fun <T> Iterable<TypeVariable(T)>.minus(elements: Iterable<TypeVariable(T)>): List<TypeVariable(T)> defined in kotlin.collections
public operator fun <T> Iterable<TypeVariable(T)>.minus(elements: Sequence<TypeVariable(T)>): List<TypeVariable(T)> defined in kotlin.collections
public operator fun <K, V> Map<out TypeVariable(K), TypeVariable(V)>.minus(key: TypeVariable(K)): Map<TypeVariable(K), TypeVariable(V)> defined in kotlin.collections
public operator fun <K, V> Map<out TypeVariable(K), TypeVariable(V)>.minus(keys: Array<out TypeVariable(K)>): Map<TypeVariable(K), TypeVariable(V)> defined in kotlin.collections
public operator fun <K, V> Map<out TypeVariable(K), TypeVariable(V)>.minus(keys: Iterable<TypeVariable(K)>): Map<TypeVariable(K), TypeVariable(V)> defined in kotlin.collections
public operator fun <K, V> Map<out TypeVariable(K), TypeVariable(V)>.minus(keys: Sequence<TypeVariable(K)>): Map<TypeVariable(K), TypeVariable(V)> defined in kotlin.collections
public operator fun <T> Set<TypeVariable(T)>.minus(element: TypeVariable(T)): Set<TypeVariable(T)> defined in kotlin.collections
public operator fun <T> Set<TypeVariable(T)>.minus(elements: Array<out TypeVariable(T)>): Set<TypeVariable(T)> defined in kotlin.collections
public operator fun <T> Set<TypeVariable(T)>.minus(elements: Iterable<TypeVariable(T)>): Set<TypeVariable(T)> defined in kotlin.collections
public operator fun <T> Set<TypeVariable(T)>.minus(elements: Sequence<TypeVariable(T)>): Set<TypeVariable(T)> defined in kotlin.collections
public operator fun <T> Sequence<TypeVariable(T)>.minus(element: TypeVariable(T)): Sequence<TypeVariable(T)> defined in kotlin.sequences
public operator fun <T> Sequence<TypeVariable(T)>.minus(elements: Array<out TypeVariable(T)>): Sequence<TypeVariable(T)> defined in kotlin.sequences
public operator fun <T> Sequence<TypeVariable(T)>.minus(elements: Iterable<TypeVariable(T)>): Sequence<TypeVariable(T)> defined in kotlin.sequences
public operator fun <T> Sequence<TypeVariable(T)>.minus(elements: Sequence<TypeVariable(T)>): Sequence<TypeVariable(T)> defined in kotlin.sequences
e: file:///home/runner/work/personal-finance-manager/personal-finance-manager/app/build.gradle.kts:3:31: Expression expected, but a package name found
e: file:///home/runner/work/personal-finance-manager/personal-finance-manager/app/build.gradle.kts:4:30: Unresolved reference. None of the following candidates is applicable because of receiver type mismatch: 
public inline operator fun BigDecimal.minus(other: BigDecimal): BigDecimal defined in kotlin
public inline operator fun BigInteger.minus(other: BigInteger): BigInteger defined in kotlin
public operator fun <T> Iterable<TypeVariable(T)>.minus(element: TypeVariable(T)): List<TypeVariable(T)> defined in kotlin.collections
public operator fun <T> Iterable<TypeVariable(T)>.minus(elements: Array<out TypeVariable(T)>): List<TypeVariable(T)> defined in kotlin.collections
public operator fun <T> Iterable<TypeVariable(T)>.minus(elements: Iterable<TypeVariable(T)>): List<TypeVariable(T)> defined in kotlin.collections
public operator fun <T> Iterable<TypeVariable(T)>.minus(elements: Sequence<TypeVariable(T)>): List<TypeVariable(T)> defined in kotlin.collections
public operator fun <K, V> Map<out TypeVariable(K), TypeVariable(V)>.minus(key: TypeVariable(K)): Map<TypeVariable(K), TypeVariable(V)> defined in kotlin.collections
public operator fun <K, V> Map<out TypeVariable(K), TypeVariable(V)>.minus(keys: Array<out TypeVariable(K)>): Map<TypeVariable(K), TypeVariable(V)> defined in kotlin.collections
public operator fun <K, V> Map<out TypeVariable(K), TypeVariable(V)>.minus(keys: Iterable<TypeVariable(K)>): Map<TypeVariable(K), TypeVariable(V)> defined in kotlin.collections
public operator fun <K, V> Map<out TypeVariable(K), TypeVariable(V)>.minus(keys: Sequence<TypeVariable(K)>): Map<TypeVariable(K), TypeVariable(V)> defined in kotlin.collections
public operator fun <T> Set<TypeVariable(T)>.minus(element: TypeVariable(T)): Set<TypeVariable(T)> defined in kotlin.collections
public operator fun <T> Set<TypeVariable(T)>.minus(elements: Array<out TypeVariable(T)>): Set<TypeVariable(T)> defined in kotlin.collections
public operator fun <T> Set<TypeVariable(T)>.minus(elements: Iterable<TypeVariable(T)>): Set<TypeVariable(T)> defined in kotlin.collections
public operator fun <T> Set<TypeVariable(T)>.minus(elements: Sequence<TypeVariable(T)>): Set<TypeVariable(T)> defined in kotlin.collections
public operator fun <T> Sequence<TypeVariable(T)>.minus(element: TypeVariable(T)): Sequence<TypeVariable(T)> defined in kotlin.sequences
public operator fun <T> Sequence<TypeVariable(T)>.minus(elements: Array<out TypeVariable(T)>): Sequence<TypeVariable(T)> defined in kotlin.sequences
public operator fun <T> Sequence<TypeVariable(T)>.minus(elements: Iterable<TypeVariable(T)>): Sequence<TypeVariable(T)> defined in kotlin.sequences
public operator fun <T> Sequence<TypeVariable(T)>.minus(elements: Sequence<TypeVariable(T)>): Sequence<TypeVariable(T)> defined in kotlin.sequences
e: file:///home/runner/work/personal-finance-manager/personal-finance-manager/app/build.gradle.kts:4:31: Unresolved reference: compose
gradle/actions: Writing build results to /home/runner/work/_temp/.gradle-actions/build-results/gradle-1789057769394.json

FAILURE: Build failed with an exception.

* Where:
Build file '/home/runner/work/personal-finance-manager/personal-finance-manager/app/build.gradle.kts' line: 2

* What went wrong:
Script compilation errors:

  Line 2:     alias(libs.plugins.android-application)
                                        ^ Unresolved reference. None of the following candidates is applicable because of receiver type mismatch: 
                                            public inline operator fun BigDecimal.minus(other: BigDecimal): BigDecimal defined in kotlin
                                            public inline operator fun BigInteger.minus(other: BigInteger): BigInteger defined in kotlin
                                            public operator fun <T> Iterable<TypeVariable(T)>.minus(element: TypeVariable(T)): List<TypeVariable(T)> defined in kotlin.collections
                                            public operator fun <T> Iterable<TypeVariable(T)>.minus(elements: Array<out TypeVariable(T)>): List<TypeVariable(T)> defined in kotlin.collections
                                            public operator fun <T> Iterable<TypeVariable(T)>.minus(elements: Iterable<TypeVariable(T)>): List<TypeVariable(T)> defined in kotlin.collections
                                            public operator fun <T> Iterable<TypeVariable(T)>.minus(elements: Sequence<TypeVariable(T)>): List<TypeVariable(T)> defined in kotlin.collections
                                            public operator fun <K, V> Map<out TypeVariable(K), TypeVariable(V)>.minus(key: TypeVariable(K)): Map<TypeVariable(K), TypeVariable(V)> defined in kotlin.collections
                                            public operator fun <K, V> Map<out TypeVariable(K), TypeVariable(V)>.minus(keys: Array<out TypeVariable(K)>): Map<TypeVariable(K), TypeVariable(V)> defined in kotlin.collections
                                            public operator fun <K, V> Map<out TypeVariable(K), TypeVariable(V)>.minus(keys: Iterable<TypeVariable(K)>): Map<TypeVariable(K), TypeVariable(V)> defined in kotlin.collections
                                            public operator fun <K, V> Map<out TypeVariable(K), TypeVariable(V)>.minus(keys: Sequence<TypeVariable(K)>): Map<TypeVariable(K), TypeVariable(V)> defined in kotlin.collections
                                            public operator fun <T> Set<TypeVariable(T)>.minus(element: TypeVariable(T)): Set<TypeVariable(T)> defined in kotlin.collections
                                            public operator fun <T> Set<TypeVariable(T)>.minus(elements: Array<out TypeVariable(T)>): Set<TypeVariable(T)> defined in kotlin.collections
                                            public operator fun <T> Set<TypeVariable(T)>.minus(elements: Iterable<TypeVariable(T)>): Set<TypeVariable(T)> defined in kotlin.collections
                                            public operator fun <T> Set<TypeVariable(T)>.minus(elements: Sequence<TypeVariable(T)>): Set<TypeVariable(T)> defined in kotlin.collections
                                            public operator fun <T> Sequence<TypeVariable(T)>.minus(element: TypeVariable(T)): Sequence<TypeVariable(T)> defined in kotlin.sequences
                                            public operator fun <T> Sequence<TypeVariable(T)>.minus(elements: Array<out TypeVariable(T)>): Sequence<TypeVariable(T)> defined in kotlin.sequences
                                            public operator fun <T> Sequence<TypeVariable(T)>.minus(elements: Iterable<TypeVariable(T)>): Sequence<TypeVariable(T)> defined in kotlin.sequences
                                            public operator fun <T> Sequence<TypeVariable(T)>.minus(elements: Sequence<TypeVariable(T)>): Sequence<TypeVariable(T)> defined in kotlin.sequences

  Line 3:     alias(libs.plugins.kotlin-android)
                                       ^ Unresolved reference. None of the following candidates is applicable because of receiver type mismatch: 
                                           public inline operator fun BigDecimal.minus(other: BigDecimal): BigDecimal defined in kotlin
                                           public inline operator fun BigInteger.minus(other: BigInteger): BigInteger defined in kotlin
                                           public operator fun <T> Iterable<TypeVariable(T)>.minus(element: TypeVariable(T)): List<TypeVariable(T)> defined in kotlin.collections
                                           public operator fun <T> Iterable<TypeVariable(T)>.minus(elements: Array<out TypeVariable(T)>): List<TypeVariable(T)> defined in kotlin.collections
                                           public operator fun <T> Iterable<TypeVariable(T)>.minus(elements: Iterable<TypeVariable(T)>): List<TypeVariable(T)> defined in kotlin.collections
                                           public operator fun <T> Iterable<TypeVariable(T)>.minus(elements: Sequence<TypeVariable(T)>): List<TypeVariable(T)> defined in kotlin.collections
                                           public operator fun <K, V> Map<out TypeVariable(K), TypeVariable(V)>.minus(key: TypeVariable(K)): Map<TypeVariable(K), TypeVariable(V)> defined in kotlin.collections
                                           public operator fun <K, V> Map<out TypeVariable(K), TypeVariable(V)>.minus(keys: Array<out TypeVariable(K)>): Map<TypeVariable(K), TypeVariable(V)> defined in kotlin.collections
                                           public operator fun <K, V> Map<out TypeVariable(K), TypeVariable(V)>.minus(keys: Iterable<TypeVariable(K)>): Map<TypeVariable(K), TypeVariable(V)> defined in kotlin.collections
                                           public operator fun <K, V> Map<out TypeVariable(K), TypeVariable(V)>.minus(keys: Sequence<TypeVariable(K)>): Map<TypeVariable(K), TypeVariable(V)> defined in kotlin.collections
                                           public operator fun <T> Set<TypeVariable(T)>.minus(element: TypeVariable(T)): Set<TypeVariable(T)> defined in kotlin.collections
                                           public operator fun <T> Set<TypeVariable(T)>.minus(elements: Array<out TypeVariable(T)>): Set<TypeVariable(T)> defined in kotlin.collections
                                           public operator fun <T> Set<TypeVariable(T)>.minus(elements: Iterable<TypeVariable(T)>): Set<TypeVariable(T)> defined in kotlin.collections
                                           public operator fun <T> Set<TypeVariable(T)>.minus(elements: Sequence<TypeVariable(T)>): Set<TypeVariable(T)> defined in kotlin.collections
                                           public operator fun <T> Sequence<TypeVariable(T)>.minus(element: TypeVariable(T)): Sequence<TypeVariable(T)> defined in kotlin.sequences
                                           public operator fun <T> Sequence<TypeVariable(T)>.minus(elements: Array<out TypeVariable(T)>): Sequence<TypeVariable(T)> defined in kotlin.sequences
                                           public operator fun <T> Sequence<TypeVariable(T)>.minus(elements: Iterable<TypeVariable(T)>): Sequence<TypeVariable(T)> defined in kotlin.sequences
                                           public operator fun <T> Sequence<TypeVariable(T)>.minus(elements: Sequence<TypeVariable(T)>): Sequence<TypeVariable(T)> defined in kotlin.sequences

  Line 3:     alias(libs.plugins.kotlin-android)
                                        ^ Expression expected, but a package name found

  Line 4:     alias(libs.plugins.kotlin-compose)
                                       ^ Unresolved reference. None of the following candidates is applicable because of receiver type mismatch: 
                                           public inline operator fun BigDecimal.minus(other: BigDecimal): BigDecimal defined in kotlin
                                           public inline operator fun BigInteger.minus(other: BigInteger): BigInteger defined in kotlin
                                           public operator fun <T> Iterable<TypeVariable(T)>.minus(element: TypeVariable(T)): List<TypeVariable(T)> defined in kotlin.collections
                                           public operator fun <T> Iterable<TypeVariable(T)>.minus(elements: Array<out TypeVariable(T)>): List<TypeVariable(T)> defined in kotlin.collections
                                           public operator fun <T> Iterable<TypeVariable(T)>.minus(elements: Iterable<TypeVariable(T)>): List<TypeVariable(T)> defined in kotlin.collections
                                           public operator fun <T> Iterable<TypeVariable(T)>.minus(elements: Sequence<TypeVariable(T)>): List<TypeVariable(T)> defined in kotlin.collections
                                           public operator fun <K, V> Map<out TypeVariable(K), TypeVariable(V)>.minus(key: TypeVariable(K)): Map<TypeVariable(K), TypeVariable(V)> defined in kotlin.collections
                                           public operator fun <K, V> Map<out TypeVariable(K), TypeVariable(V)>.minus(keys: Array<out TypeVariable(K)>): Map<TypeVariable(K), TypeVariable(V)> defined in kotlin.collections
                                           public operator fun <K, V> Map<out TypeVariable(K), TypeVariable(V)>.minus(keys: Iterable<TypeVariable(K)>): Map<TypeVariable(K), TypeVariable(V)> defined in kotlin.collections
                                           public operator fun <K, V> Map<out TypeVariable(K), TypeVariable(V)>.minus(keys: Sequence<TypeVariable(K)>): Map<TypeVariable(K), TypeVariable(V)> defined in kotlin.collections
                                           public operator fun <T> Set<TypeVariable(T)>.minus(element: TypeVariable(T)): Set<TypeVariable(T)> defined in kotlin.collections
                                           public operator fun <T> Set<TypeVariable(T)>.minus(elements: Array<out TypeVariable(T)>): Set<TypeVariable(T)> defined in kotlin.collections
                                           public operator fun <T> Set<TypeVariable(T)>.minus(elements: Iterable<TypeVariable(T)>): Set<TypeVariable(T)> defined in kotlin.collections
                                           public operator fun <T> Set<TypeVariable(T)>.minus(elements: Sequence<TypeVariable(T)>): Set<TypeVariable(T)> defined in kotlin.collections
                                           public operator fun <T> Sequence<TypeVariable(T)>.minus(element: TypeVariable(T)): Sequence<TypeVariable(T)> defined in kotlin.sequences
                                           public operator fun <T> Sequence<TypeVariable(T)>.minus(elements: Array<out TypeVariable(T)>): Sequence<TypeVariable(T)> defined in kotlin.sequences
                                           public operator fun <T> Sequence<TypeVariable(T)>.minus(elements: Iterable<TypeVariable(T)>): Sequence<TypeVariable(T)> defined in kotlin.sequences
                                           public operator fun <T> Sequence<TypeVariable(T)>.minus(elements: Sequence<TypeVariable(T)>): Sequence<TypeVariable(T)> defined in kotlin.sequences

  Line 4:     alias(libs.plugins.kotlin-compose)
                                        ^ Unresolved reference: compose

5 errors

* Try:
> Run with --info or --debug option to get more log output.
> Run with --scan to get full insights.
> Get more help at https://help.gradle.org.

* Exception is:
ScriptCompilationException(scriptCompilationErrors=[ScriptCompilationError(message=Unresolved reference. None of the following candidates is applicable because of receiver type mismatch: 
public inline operator fun BigDecimal.minus(other: BigDecimal): BigDecimal defined in kotlin
public inline operator fun BigInteger.minus(other: BigInteger): BigInteger defined in kotlin
public operator fun <T> Iterable<TypeVariable(T)>.minus(element: TypeVariable(T)): List<TypeVariable(T)> defined in kotlin.collections
public operator fun <T> Iterable<TypeVariable(T)>.minus(elements: Array<out TypeVariable(T)>): List<TypeVariable(T)> defined in kotlin.collections
public operator fun <T> Iterable<TypeVariable(T)>.minus(elements: Iterable<TypeVariable(T)>): List<TypeVariable(T)> defined in kotlin.collections
public operator fun <T> Iterable<TypeVariable(T)>.minus(elements: Sequence<TypeVariable(T)>): List<TypeVariable(T)> defined in kotlin.collections
public operator fun <K, V> Map<out TypeVariable(K), TypeVariable(V)>.minus(key: TypeVariable(K)): Map<TypeVariable(K), TypeVariable(V)> defined in kotlin.collections
public operator fun <K, V> Map<out TypeVariable(K), TypeVariable(V)>.minus(keys: Array<out TypeVariable(K)>): Map<TypeVariable(K), TypeVariable(V)> defined in kotlin.collections
public operator fun <K, V> Map<out TypeVariable(K), TypeVariable(V)>.minus(keys: Iterable<TypeVariable(K)>): Map<TypeVariable(K), TypeVariable(V)> defined in kotlin.collections
public operator fun <K, V> Map<out TypeVariable(K), TypeVariable(V)>.minus(keys: Sequence<TypeVariable(K)>): Map<TypeVariable(K), TypeVariable(V)> defined in kotlin.collections
public operator fun <T> Set<TypeVariable(T)>.minus(element: TypeVariable(T)): Set<TypeVariable(T)> defined in kotlin.collections
public operator fun <T> Set<TypeVariable(T)>.minus(elements: Array<out TypeVariable(T)>): Set<TypeVariable(T)> defined in kotlin.collections
public operator fun <T> Set<TypeVariable(T)>.minus(elements: Iterable<TypeVariable(T)>): Set<TypeVariable(T)> defined in kotlin.collections
public operator fun <T> Set<TypeVariable(T)>.minus(elements: Sequence<TypeVariable(T)>): Set<TypeVariable(T)> defined in kotlin.collections
public operator fun <T> Sequence<TypeVariable(T)>.minus(element: TypeVariable(T)): Sequence<TypeVariable(T)> defined in kotlin.sequences
public operator fun <T> Sequence<TypeVariable(T)>.minus(elements: Array<out TypeVariable(T)>): Sequence<TypeVariable(T)> defined in kotlin.sequences
public operator fun <T> Sequence<TypeVariable(T)>.minus(elements: Iterable<TypeVariable(T)>): Sequence<TypeVariable(T)> defined in kotlin.sequences
public operator fun <T> Sequence<TypeVariable(T)>.minus(elements: Sequence<TypeVariable(T)>): Sequence<TypeVariable(T)> defined in kotlin.sequences, location=/home/runner/.gradle/.tmp/gradle-kotlin-dsl-16532374257754675206.tmp/build.gradle.kts (2:31)), ScriptCompilationError(message=Unresolved reference. None of the following candidates is applicable because of receiver type mismatch: 
public inline operator fun BigDecimal.minus(other: BigDecimal): BigDecimal defined in kotlin
public inline operator fun BigInteger.minus(other: BigInteger): BigInteger defined in kotlin
public operator fun <T> Iterable<TypeVariable(T)>.minus(element: TypeVariable(T)): List<TypeVariable(T)> defined in kotlin.collections
public operator fun <T> Iterable<TypeVariable(T)>.minus(elements: Array<out TypeVariable(T)>): List<TypeVariable(T)> defined in kotlin.collections
public operator fun <T> Iterable<TypeVariable(T)>.minus(elements: Iterable<TypeVariable(T)>): List<TypeVariable(T)> defined in kotlin.collections
public operator fun <T> Iterable<TypeVariable(T)>.minus(elements: Sequence<TypeVariable(T)>): List<TypeVariable(T)> defined in kotlin.collections
public operator fun <K, V> Map<out TypeVariable(K), TypeVariable(V)>.minus(key: TypeVariable(K)): Map<TypeVariable(K), TypeVariable(V)> defined in kotlin.collections
public operator fun <K, V> Map<out TypeVariable(K), TypeVariable(V)>.minus(keys: Array<out TypeVariable(K)>): Map<TypeVariable(K), TypeVariable(V)> defined in kotlin.collections
public operator fun <K, V> Map<out TypeVariable(K), TypeVariable(V)>.minus(keys: Iterable<TypeVariable(K)>): Map<TypeVariable(K), TypeVariable(V)> defined in kotlin.collections
public operator fun <K, V> Map<out TypeVariable(K), TypeVariable(V)>.minus(keys: Sequence<TypeVariable(K)>): Map<TypeVariable(K), TypeVariable(V)> defined in kotlin.collections
public operator fun <T> Set<TypeVariable(T)>.minus(element: TypeVariable(T)): Set<TypeVariable(T)> defined in kotlin.collections
public operator fun <T> Set<TypeVariable(T)>.minus(elements: Array<out TypeVariable(T)>): Set<TypeVariable(T)> defined in kotlin.collections
public operator fun <T> Set<TypeVariable(T)>.minus(elements: Iterable<TypeVariable(T)>): Set<TypeVariable(T)> defined in kotlin.collections
public operator fun <T> Set<TypeVariable(T)>.minus(elements: Sequence<TypeVariable(T)>): Set<TypeVariable(T)> defined in kotlin.collections
public operator fun <T> Sequence<TypeVariable(T)>.minus(element: TypeVariable(T)): Sequence<TypeVariable(T)> defined in kotlin.sequences
public operator fun <T> Sequence<TypeVariable(T)>.minus(elements: Array<out TypeVariable(T)>): Sequence<TypeVariable(T)> defined in kotlin.sequences
public operator fun <T> Sequence<TypeVariable(T)>.minus(elements: Iterable<TypeVariable(T)>): Sequence<TypeVariable(T)> defined in kotlin.sequences
public operator fun <T> Sequence<TypeVariable(T)>.minus(elements: Sequence<TypeVariable(T)>): Sequence<TypeVariable(T)> defined in kotlin.sequences, location=/home/runner/.gradle/.tmp/gradle-kotlin-dsl-16532374257754675206.tmp/build.gradle.kts (3:30)), ScriptCompilationError(message=Expression expected, but a package name found, location=/home/runner/.gradle/.tmp/gradle-kotlin-dsl-16532374257754675206.tmp/build.gradle.kts (3:31)), ScriptCompilationError(message=Unresolved reference. None of the following candidates is applicable because of receiver type mismatch: 
public inline operator fun BigDecimal.minus(other: BigDecimal): BigDecimal defined in kotlin
public inline operator fun BigInteger.minus(other: BigInteger): BigInteger defined in kotlin
public operator fun <T> Iterable<TypeVariable(T)>.minus(element: TypeVariable(T)): List<TypeVariable(T)> defined in kotlin.collections
public operator fun <T> Iterable<TypeVariable(T)>.minus(elements: Array<out TypeVariable(T)>): List<TypeVariable(T)> defined in kotlin.collections
public operator fun <T> Iterable<TypeVariable(T)>.minus(elements: Iterable<TypeVariable(T)>): List<TypeVariable(T)> defined in kotlin.collections
public operator fun <T> Iterable<TypeVariable(T)>.minus(elements: Sequence<TypeVariable(T)>): List<TypeVariable(T)> defined in kotlin.collections
public operator fun <K, V> Map<out TypeVariable(K), TypeVariable(V)>.minus(key: TypeVariable(K)): Map<TypeVariable(K), TypeVariable(V)> defined in kotlin.collections
public operator fun <K, V> Map<out TypeVariable(K), TypeVariable(V)>.minus(keys: Array<out TypeVariable(K)>): Map<TypeVariable(K), TypeVariable(V)> defined in kotlin.collections
public operator fun <K, V> Map<out TypeVariable(K), TypeVariable(V)>.minus(keys: Iterable<TypeVariable(K)>): Map<TypeVariable(K), TypeVariable(V)> defined in kotlin.collections
public operator fun <K, V> Map<out TypeVariable(K), TypeVariable(V)>.minus(keys: Sequence<TypeVariable(K)>): Map<TypeVariable(K), TypeVariable(V)> defined in kotlin.collections
public operator fun <T> Set<TypeVariable(T)>.minus(element: TypeVariable(T)): Set<TypeVariable(T)> defined in kotlin.collections
public operator fun <T> Set<TypeVariable(T)>.minus(elements: Array<out TypeVariable(T)>): Set<TypeVariable(T)> defined in kotlin.collections
public operator fun <T> Set<TypeVariable(T)>.minus(elements: Iterable<TypeVariable(T)>): Set<TypeVariable(T)> defined in kotlin.collections
public operator fun <T> Set<TypeVariable(T)>.minus(elements: Sequence<TypeVariable(T)>): Set<TypeVariable(T)> defined in kotlin.collections
public operator fun <T> Sequence<TypeVariable(T)>.minus(element: TypeVariable(T)): Sequence<TypeVariable(T)> defined in kotlin.sequences
public operator fun <T> Sequence<TypeVariable(T)>.minus(elements: Array<out TypeVariable(T)>): Sequence<TypeVariable(T)> defined in kotlin.sequences
public operator fun <T> Sequence<TypeVariable(T)>.minus(elements: Iterable<TypeVariable(T)>): Sequence<TypeVariable(T)> defined in kotlin.sequences
public operator fun <T> Sequence<TypeVariable(T)>.minus(elements: Sequence<TypeVariable(T)>): Sequence<TypeVariable(T)> defined in kotlin.sequences, location=/home/runner/.gradle/.tmp/gradle-kotlin-dsl-16532374257754675206.tmp/build.gradle.kts (4:30)), ScriptCompilationError(message=Unresolved reference: compose, location=/home/runner/.gradle/.tmp/gradle-kotlin-dsl-16532374257754675206.tmp/build.gradle.kts (4:31))])
	at org.gradle.kotlin.dsl.support.KotlinCompilerKt.compileKotlinScriptModuleTo(KotlinCompiler.kt:191)
	at org.gradle.kotlin.dsl.support.KotlinCompilerKt.compileKotlinScriptToDirectory(KotlinCompiler.kt:149)
	at org.gradle.kotlin.dsl.execution.ResidualProgramCompiler$compileScript$1.invoke(ResidualProgramCompiler.kt:713)
	at org.gradle.kotlin.dsl.execution.ResidualProgramCompiler$compileScript$1.invoke(ResidualProgramCompiler.kt:712)
	at org.gradle.kotlin.dsl.provider.StandardKotlinScriptEvaluator$InterpreterHost$runCompileBuildOperation$1.call(KotlinScriptEvaluator.kt:187)
	at org.gradle.kotlin.dsl.provider.StandardKotlinScriptEvaluator$InterpreterHost$runCompileBuildOperation$1.call(KotlinScriptEvaluator.kt:184)
	at org.gradle.internal.operations.DefaultBuildOperationRunner$CallableBuildOperationWorker.execute(DefaultBuildOperationRunner.java:209)
	at org.gradle.internal.operations.DefaultBuildOperationRunner$CallableBuildOperationWorker.execute(DefaultBuildOperationRunner.java:204)
	at org.gradle.internal.operations.DefaultBuildOperationRunner$2.execute(DefaultBuildOperationRunner.java:66)
	at org.gradle.internal.operations.DefaultBuildOperationRunner$2.execute(DefaultBuildOperationRunner.java:59)
	at org.gradle.internal.operations.DefaultBuildOperationRunner.execute(DefaultBuildOperationRunner.java:166)
	at org.gradle.internal.operations.DefaultBuildOperationRunner.execute(DefaultBuildOperationRunner.java:59)
	at org.gradle.internal.operations.DefaultBuildOperationRunner.call(DefaultBuildOperationRunner.java:53)
	at org.gradle.kotlin.dsl.provider.StandardKotlinScriptEvaluator$InterpreterHost.runCompileBuildOperation(KotlinScriptEvaluator.kt:184)
	at org.gradle.kotlin.dsl.execution.Interpreter$compile$1$1$1$1.invoke(Interpreter.kt:334)
	at org.gradle.kotlin.dsl.execution.Interpreter$compile$1$1$1$1.invoke(Interpreter.kt:334)
	at org.gradle.kotlin.dsl.execution.ResidualProgramCompiler.compileScript-C5AE47M(ResidualProgramCompiler.kt:712)
	at org.gradle.kotlin.dsl.execution.ResidualProgramCompiler.compileStage1-EfyMToc(ResidualProgramCompiler.kt:695)
	at org.gradle.kotlin.dsl.execution.ResidualProgramCompiler.compilePlugins-A6FCAhw(ResidualProgramCompiler.kt:555)
	at org.gradle.kotlin.dsl.execution.ResidualProgramCompiler.emitCompiledPluginsBlock(ResidualProgramCompiler.kt:383)
	at org.gradle.kotlin.dsl.execution.ResidualProgramCompiler.emit(ResidualProgramCompiler.kt:197)
	at org.gradle.kotlin.dsl.execution.ResidualProgramCompiler.emit(ResidualProgramCompiler.kt:182)
	at org.gradle.kotlin.dsl.execution.ResidualProgramCompiler.access$emit(ResidualProgramCompiler.kt:83)
	at org.gradle.kotlin.dsl.execution.ResidualProgramCompiler$emitDynamicProgram$1$1.invoke(ResidualProgramCompiler.kt:123)
	at org.gradle.kotlin.dsl.execution.ResidualProgramCompiler$emitDynamicProgram$1$1.invoke(ResidualProgramCompiler.kt:121)
	at org.gradle.kotlin.dsl.execution.ResidualProgramCompiler$overrideExecute$1.invoke(ResidualProgramCompiler.kt:548)
	at org.gradle.kotlin.dsl.execution.ResidualProgramCompiler$overrideExecute$1.invoke(ResidualProgramCompiler.kt:547)
	at org.gradle.kotlin.dsl.support.bytecode.AsmExtensionsKt.method(AsmExtensions.kt:133)
	at org.gradle.kotlin.dsl.support.bytecode.AsmExtensionsKt.publicMethod(AsmExtensions.kt:116)
	at org.gradle.kotlin.dsl.support.bytecode.AsmExtensionsKt.publicMethod$default(AsmExtensions.kt:108)
	at org.gradle.kotlin.dsl.execution.ResidualProgramCompiler.overrideExecute(ResidualProgramCompiler.kt:547)
	at org.gradle.kotlin.dsl.execution.ResidualProgramCompiler.access$overrideExecute(ResidualProgramCompiler.kt:83)
	at org.gradle.kotlin.dsl.execution.ResidualProgramCompiler$emitDynamicProgram$1.invoke(ResidualProgramCompiler.kt:121)
	at org.gradle.kotlin.dsl.execution.ResidualProgramCompiler$emitDynamicProgram$1.invoke(ResidualProgramCompiler.kt:119)
	at org.gradle.kotlin.dsl.execution.ResidualProgramCompiler$program$3.invoke(ResidualProgramCompiler.kt:673)
	at org.gradle.kotlin.dsl.execution.ResidualProgramCompiler$program$3.invoke(ResidualProgramCompiler.kt:671)
	at org.gradle.kotlin.dsl.support.bytecode.AsmExtensionsKt.publicClass-7y5yvvE(AsmExtensions.kt:41)
	at org.gradle.kotlin.dsl.execution.ResidualProgramCompiler.program-5oOsWEo(ResidualProgramCompiler.kt:671)
	at org.gradle.kotlin.dsl.execution.ResidualProgramCompiler.access$program-5oOsWEo(ResidualProgramCompiler.kt:83)
	at org.gradle.kotlin.dsl.execution.ResidualProgramCompiler.emitDynamicProgram(ResidualProgramCompiler.kt:798)
	at org.gradle.kotlin.dsl.execution.ResidualProgramCompiler.compile(ResidualProgramCompiler.kt:102)
	at org.gradle.kotlin.dsl.execution.Interpreter$compile$1.invoke(Interpreter.kt:337)
	at org.gradle.kotlin.dsl.execution.Interpreter$compile$1.invoke(Interpreter.kt:301)
	at org.gradle.kotlin.dsl.provider.StandardKotlinScriptEvaluator$KotlinScriptCompilationAndInstrumentation.compile(KotlinScriptEvaluator.kt:409)
	at org.gradle.internal.scripts.BuildScriptCompilationAndInstrumentation.execute(BuildScriptCompilationAndInstrumentation.java:95)
	at org.gradle.internal.execution.steps.ExecuteStep.executeInternal(ExecuteStep.java:105)
	at org.gradle.internal.execution.steps.ExecuteStep.access$000(ExecuteStep.java:44)
	at org.gradle.internal.execution.steps.ExecuteStep$1.call(ExecuteStep.java:59)
	at org.gradle.internal.execution.steps.ExecuteStep$1.call(ExecuteStep.java:56)
	at org.gradle.internal.operations.DefaultBuildOperationRunner$CallableBuildOperationWorker.execute(DefaultBuildOperationRunner.java:209)
	at org.gradle.internal.operations.DefaultBuildOperationRunner$CallableBuildOperationWorker.execute(DefaultBuildOperationRunner.java:204)
	at org.gradle.internal.operations.DefaultBuildOperationRunner$2.execute(DefaultBuildOperationRunner.java:66)
	at org.gradle.internal.operations.DefaultBuildOperationRunner$2.execute(DefaultBuildOperationRunner.java:59)
	at org.gradle.internal.operations.DefaultBuildOperationRunner.execute(DefaultBuildOperationRunner.java:166)
	at org.gradle.internal.operations.DefaultBuildOperationRunner.execute(DefaultBuildOperationRunner.java:59)
	at org.gradle.internal.operations.DefaultBuildOperationRunner.call(DefaultBuildOperationRunner.java:53)
	at org.gradle.internal.execution.steps.ExecuteStep.execute(ExecuteStep.java:56)
	at org.gradle.internal.execution.steps.ExecuteStep.execute(ExecuteStep.java:44)
	at org.gradle.internal.execution.steps.CancelExecutionStep.execute(CancelExecutionStep.java:42)
	at org.gradle.internal.execution.steps.TimeoutStep.executeWithoutTimeout(TimeoutStep.java:75)
	at org.gradle.internal.execution.steps.TimeoutStep.execute(TimeoutStep.java:55)
	at org.gradle.internal.execution.steps.PreCreateOutputParentsStep.execute(PreCreateOutputParentsStep.java:50)
	at org.gradle.internal.execution.steps.PreCreateOutputParentsStep.execute(PreCreateOutputParentsStep.java:28)
	at org.gradle.internal.execution.steps.BroadcastChangingOutputsStep.execute(BroadcastChangingOutputsStep.java:61)
	at org.gradle.internal.execution.steps.BroadcastChangingOutputsStep.execute(BroadcastChangingOutputsStep.java:26)
	at org.gradle.internal.execution.steps.NoInputChangesStep.execute(NoInputChangesStep.java:30)
	at org.gradle.internal.execution.steps.NoInputChangesStep.execute(NoInputChangesStep.java:21)
	at org.gradle.internal.execution.steps.CaptureOutputsAfterExecutionStep.execute(CaptureOutputsAfterExecutionStep.java:69)
	at org.gradle.internal.execution.steps.CaptureOutputsAfterExecutionStep.execute(CaptureOutputsAfterExecutionStep.java:46)
	at org.gradle.internal.execution.steps.BuildCacheStep.executeWithoutCache(BuildCacheStep.java:189)
	at org.gradle.internal.execution.steps.BuildCacheStep.executeAndStoreInCache(BuildCacheStep.java:145)
	at org.gradle.internal.execution.steps.BuildCacheStep.lambda$executeWithCache$4(BuildCacheStep.java:101)
	at org.gradle.internal.execution.steps.BuildCacheStep.lambda$executeWithCache$5(BuildCacheStep.java:101)
	at org.gradle.internal.Try$Success.map(Try.java:175)
	at org.gradle.internal.execution.steps.BuildCacheStep.executeWithCache(BuildCacheStep.java:85)
	at org.gradle.internal.execution.steps.BuildCacheStep.lambda$execute$0(BuildCacheStep.java:74)
	at org.gradle.internal.Either$Left.fold(Either.java:115)
	at org.gradle.internal.execution.caching.CachingState.fold(CachingState.java:62)
	at org.gradle.internal.execution.steps.BuildCacheStep.execute(BuildCacheStep.java:73)
	at org.gradle.internal.execution.steps.BuildCacheStep.execute(BuildCacheStep.java:48)
	at org.gradle.internal.execution.steps.NeverUpToDateStep.execute(NeverUpToDateStep.java:34)
	at org.gradle.internal.execution.steps.NeverUpToDateStep.execute(NeverUpToDateStep.java:22)
	at org.gradle.internal.execution.steps.legacy.MarkSnapshottingInputsFinishedStep.execute(MarkSnapshottingInputsFinishedStep.java:37)
	at org.gradle.internal.execution.steps.legacy.MarkSnapshottingInputsFinishedStep.execute(MarkSnapshottingInputsFinishedStep.java:27)
	at org.gradle.internal.execution.steps.ResolveNonIncrementalCachingStateStep.executeDelegate(ResolveNonIncrementalCachingStateStep.java:50)
	at org.gradle.internal.execution.steps.AbstractResolveCachingStateStep.execute(AbstractResolveCachingStateStep.java:71)
	at org.gradle.internal.execution.steps.AbstractResolveCachingStateStep.execute(AbstractResolveCachingStateStep.java:39)
	at org.gradle.internal.execution.steps.ValidateStep.execute(ValidateStep.java:107)
	at org.gradle.internal.execution.steps.ValidateStep.execute(ValidateStep.java:56)
	at org.gradle.internal.execution.steps.AbstractCaptureStateBeforeExecutionStep.execute(AbstractCaptureStateBeforeExecutionStep.java:64)
	at org.gradle.internal.execution.steps.AbstractCaptureStateBeforeExecutionStep.execute(AbstractCaptureStateBeforeExecutionStep.java:43)
	at org.gradle.internal.execution.steps.legacy.MarkSnapshottingInputsStartedStep.execute(MarkSnapshottingInputsStartedStep.java:38)
	at org.gradle.internal.execution.steps.AssignImmutableWorkspaceStep.lambda$executeInTemporaryWorkspace$3(AssignImmutableWorkspaceStep.java:209)
	at org.gradle.internal.execution.workspace.impl.CacheBasedImmutableWorkspaceProvider$1.withTemporaryWorkspace(CacheBasedImmutableWorkspaceProvider.java:119)
	at org.gradle.internal.execution.steps.AssignImmutableWorkspaceStep.executeInTemporaryWorkspace(AssignImmutableWorkspaceStep.java:199)
	at org.gradle.internal.execution.steps.AssignImmutableWorkspaceStep.lambda$execute$0(AssignImmutableWorkspaceStep.java:121)
	at org.gradle.internal.execution.steps.AssignImmutableWorkspaceStep.execute(AssignImmutableWorkspaceStep.java:121)
	at org.gradle.internal.execution.steps.AssignImmutableWorkspaceStep.execute(AssignImmutableWorkspaceStep.java:90)
	at org.gradle.internal.execution.steps.ChoosePipelineStep.execute(ChoosePipelineStep.java:38)
	at org.gradle.internal.execution.steps.ChoosePipelineStep.execute(ChoosePipelineStep.java:23)
	at org.gradle.internal.execution.steps.ExecuteWorkBuildOperationFiringStep.lambda$execute$2(ExecuteWorkBuildOperationFiringStep.java:67)
	at org.gradle.internal.execution.steps.ExecuteWorkBuildOperationFiringStep.execute(ExecuteWorkBuildOperationFiringStep.java:67)
	at org.gradle.internal.execution.steps.ExecuteWorkBuildOperationFiringStep.execute(ExecuteWorkBuildOperationFiringStep.java:39)
	at org.gradle.internal.execution.steps.IdentityCacheStep.execute(IdentityCacheStep.java:46)
	at org.gradle.internal.execution.steps.IdentityCacheStep.execute(IdentityCacheStep.java:34)
	at org.gradle.internal.execution.steps.IdentifyStep.execute(IdentifyStep.java:48)
	at org.gradle.internal.execution.steps.IdentifyStep.execute(IdentifyStep.java:35)
	at org.gradle.internal.execution.impl.DefaultExecutionEngine$1.execute(DefaultExecutionEngine.java:61)
	at org.gradle.kotlin.dsl.provider.StandardKotlinScriptEvaluator$InterpreterHost.cachedDirFor(KotlinScriptEvaluator.kt:279)
	at org.gradle.kotlin.dsl.execution.Interpreter.compile(Interpreter.kt:301)
	at org.gradle.kotlin.dsl.execution.Interpreter.emitSpecializedProgramFor(Interpreter.kt:267)
	at org.gradle.kotlin.dsl.execution.Interpreter.eval(Interpreter.kt:199)
	at org.gradle.kotlin.dsl.provider.StandardKotlinScriptEvaluator.evaluate(KotlinScriptEvaluator.kt:125)
	at org.gradle.kotlin.dsl.provider.KotlinScriptPluginFactory$create$1.invoke(KotlinScriptPluginFactory.kt:46)
	at org.gradle.kotlin.dsl.provider.KotlinScriptPluginFactory$create$1.invoke(KotlinScriptPluginFactory.kt:43)
	at org.gradle.kotlin.dsl.provider.KotlinScriptPlugin.apply(KotlinScriptPlugin.kt:35)
	at org.gradle.configuration.BuildOperationScriptPlugin$1.run(BuildOperationScriptPlugin.java:68)
	at org.gradle.internal.operations.DefaultBuildOperationRunner$1.execute(DefaultBuildOperationRunner.java:29)
	at org.gradle.internal.operations.DefaultBuildOperationRunner$1.execute(DefaultBuildOperationRunner.java:26)
	at org.gradle.internal.operations.DefaultBuildOperationRunner$2.execute(DefaultBuildOperationRunner.java:66)
	at org.gradle.internal.operations.DefaultBuildOperationRunner$2.execute(DefaultBuildOperationRunner.java:59)
	at org.gradle.internal.operations.DefaultBuildOperationRunner.execute(DefaultBuildOperationRunner.java:166)
	at org.gradle.internal.operations.DefaultBuildOperationRunner.execute(DefaultBuildOperationRunner.java:59)
	at org.gradle.internal.operations.DefaultBuildOperationRunner.run(DefaultBuildOperationRunner.java:47)
	at org.gradle.configuration.BuildOperationScriptPlugin.lambda$apply$0(BuildOperationScriptPlugin.java:65)
	at org.gradle.internal.code.DefaultUserCodeApplicationContext.apply(DefaultUserCodeApplicationContext.java:44)
	at org.gradle.configuration.BuildOperationScriptPlugin.apply(BuildOperationScriptPlugin.java:65)
	at org.gradle.api.internal.project.DefaultProjectStateRegistry$ProjectStateImpl.lambda$applyToMutableState$1(DefaultProjectStateRegistry.java:411)
	at org.gradle.api.internal.project.DefaultProjectStateRegistry$ProjectStateImpl.fromMutableState(DefaultProjectStateRegistry.java:429)
	at org.gradle.api.internal.project.DefaultProjectStateRegistry$ProjectStateImpl.applyToMutableState(DefaultProjectStateRegistry.java:410)
	at org.gradle.configuration.project.BuildScriptProcessor.execute(BuildScriptProcessor.java:46)
	at org.gradle.configuration.project.BuildScriptProcessor.execute(BuildScriptProcessor.java:27)
	at org.gradle.configuration.project.ConfigureActionsProjectEvaluator.evaluate(ConfigureActionsProjectEvaluator.java:35)
	at org.gradle.configuration.project.LifecycleProjectEvaluator$EvaluateProject.lambda$run$0(LifecycleProjectEvaluator.java:109)
	at org.gradle.api.internal.project.DefaultProjectStateRegistry$ProjectStateImpl.lambda$applyToMutableState$1(DefaultProjectStateRegistry.java:411)
	at org.gradle.api.internal.project.DefaultProjectStateRegistry$ProjectStateImpl.lambda$fromMutableState$2(DefaultProjectStateRegistry.java:434)
	at org.gradle.internal.work.DefaultWorkerLeaseService.withReplacedLocks(DefaultWorkerLeaseService.java:359)
	at org.gradle.api.internal.project.DefaultProjectStateRegistry$ProjectStateImpl.fromMutableState(DefaultProjectStateRegistry.java:434)
	at org.gradle.api.internal.project.DefaultProjectStateRegistry$ProjectStateImpl.applyToMutableState(DefaultProjectStateRegistry.java:410)
	at org.gradle.configuration.project.LifecycleProjectEvaluator$EvaluateProject.run(LifecycleProjectEvaluator.java:100)
	at org.gradle.internal.operations.DefaultBuildOperationRunner$1.execute(DefaultBuildOperationRunner.java:29)
	at org.gradle.internal.operations.DefaultBuildOperationRunner$1.execute(DefaultBuildOperationRunner.java:26)
	at org.gradle.internal.operations.DefaultBuildOperationRunner$2.execute(DefaultBuildOperationRunner.java:66)
	at org.gradle.internal.operations.DefaultBuildOperationRunner$2.execute(DefaultBuildOperationRunner.java:59)
	at org.gradle.internal.operations.DefaultBuildOperationRunner.execute(DefaultBuildOperationRunner.java:166)
	at org.gradle.internal.operations.DefaultBuildOperationRunner.execute(DefaultBuildOperationRunner.java:59)
	at org.gradle.internal.operations.DefaultBuildOperationRunner.run(DefaultBuildOperationRunner.java:47)
	at org.gradle.configuration.project.LifecycleProjectEvaluator.evaluate(LifecycleProjectEvaluator.java:72)
	at org.gradle.api.internal.project.DefaultProject.evaluateUnchecked(DefaultProject.java:832)
	at org.gradle.api.internal.project.ProjectLifecycleController.lambda$ensureSelfConfigured$2(ProjectLifecycleController.java:85)
	at org.gradle.internal.model.StateTransitionController.lambda$doTransition$14(StateTransitionController.java:255)
	at org.gradle.internal.model.StateTransitionController.doTransition(StateTransitionController.java:266)
	at org.gradle.internal.model.StateTransitionController.doTransition(StateTransitionController.java:254)
	at org.gradle.internal.model.StateTransitionController.lambda$maybeTransitionIfNotCurrentlyTransitioning$10(StateTransitionController.java:199)
	at org.gradle.internal.work.DefaultSynchronizer.withLock(DefaultSynchronizer.java:34)
	at org.gradle.internal.model.StateTransitionController.maybeTransitionIfNotCurrentlyTransitioning(StateTransitionController.java:195)
	at org.gradle.api.internal.project.ProjectLifecycleController.ensureSelfConfigured(ProjectLifecycleController.java:85)
	at org.gradle.api.internal.project.DefaultProjectStateRegistry$ProjectStateImpl.ensureConfigured(DefaultProjectStateRegistry.java:385)
	at org.gradle.execution.TaskPathProjectEvaluator.configure(TaskPathProjectEvaluator.java:34)
	at org.gradle.execution.TaskPathProjectEvaluator.configureHierarchy(TaskPathProjectEvaluator.java:50)
	at org.gradle.configuration.DefaultProjectsPreparer.prepareProjects(DefaultProjectsPreparer.java:42)
	at org.gradle.configuration.BuildTreePreparingProjectsPreparer.prepareProjects(BuildTreePreparingProjectsPreparer.java:65)
	at org.gradle.configuration.BuildOperationFiringProjectsPreparer$ConfigureBuild.run(BuildOperationFiringProjectsPreparer.java:52)
	at org.gradle.internal.operations.DefaultBuildOperationRunner$1.execute(DefaultBuildOperationRunner.java:29)
	at org.gradle.internal.operations.DefaultBuildOperationRunner$1.execute(DefaultBuildOperationRunner.java:26)
	at org.gradle.internal.operations.DefaultBuildOperationRunner$2.execute(DefaultBuildOperationRunner.java:66)
	at org.gradle.internal.operations.DefaultBuildOperationRunner$2.execute(DefaultBuildOperationRunner.java:59)
	at org.gradle.internal.operations.DefaultBuildOperationRunner.execute(DefaultBuildOperationRunner.java:166)
	at org.gradle.internal.operations.DefaultBuildOperationRunner.execute(DefaultBuildOperationRunner.java:59)
	at org.gradle.internal.operations.DefaultBuildOperationRunner.run(DefaultBuildOperationRunner.java:47)
	at org.gradle.configuration.BuildOperationFiringProjectsPreparer.prepareProjects(BuildOperationFiringProjectsPreparer.java:40)
	at org.gradle.initialization.VintageBuildModelController.lambda$prepareProjects$2(VintageBuildModelController.java:84)
	at org.gradle.internal.model.StateTransitionController.lambda$doTransition$14(StateTransitionController.java:255)
	at org.gradle.internal.model.StateTransitionController.doTransition(StateTransitionController.java:266)
	at org.gradle.internal.model.StateTransitionController.doTransition(StateTransitionController.java:254)
	at org.gradle.internal.model.StateTransitionController.lambda$transitionIfNotPreviously$11(StateTransitionController.java:213)
	at org.gradle.internal.work.DefaultSynchronizer.withLock(DefaultSynchronizer.java:34)
	at org.gradle.internal.model.StateTransitionController.transitionIfNotPreviously(StateTransitionController.java:209)
	at org.gradle.initialization.VintageBuildModelController.prepareProjects(VintageBuildModelController.java:84)
	at org.gradle.initialization.VintageBuildModelController.prepareToScheduleTasks(VintageBuildModelController.java:71)
	at org.gradle.internal.build.DefaultBuildLifecycleController.lambda$prepareToScheduleTasks$6(DefaultBuildLifecycleController.java:175)
	at org.gradle.internal.model.StateTransitionController.lambda$doTransition$14(StateTransitionController.java:255)
	at org.gradle.internal.model.StateTransitionController.doTransition(StateTransitionController.java:266)
	at org.gradle.internal.model.StateTransitionController.doTransition(StateTransitionController.java:254)
	at org.gradle.internal.model.StateTransitionController.lambda$maybeTransition$9(StateTransitionController.java:190)
	at org.gradle.internal.work.DefaultSynchronizer.withLock(DefaultSynchronizer.java:34)
	at org.gradle.internal.model.StateTransitionController.maybeTransition(StateTransitionController.java:186)
	at org.gradle.internal.build.DefaultBuildLifecycleController.prepareToScheduleTasks(DefaultBuildLifecycleController.java:173)
	at org.gradle.internal.buildtree.DefaultBuildTreeWorkPreparer.scheduleRequestedTasks(DefaultBuildTreeWorkPreparer.java:36)
	at org.gradle.internal.cc.impl.VintageBuildTreeWorkController$scheduleAndRunRequestedTasks$1.apply(VintageBuildTreeWorkController.kt:36)
	at org.gradle.internal.cc.impl.VintageBuildTreeWorkController$scheduleAndRunRequestedTasks$1.apply(VintageBuildTreeWorkController.kt:35)
	at org.gradle.composite.internal.DefaultIncludedBuildTaskGraph.withNewWorkGraph(DefaultIncludedBuildTaskGraph.java:112)
	at org.gradle.internal.cc.impl.VintageBuildTreeWorkController.scheduleAndRunRequestedTasks(VintageBuildTreeWorkController.kt:35)
	at org.gradle.internal.buildtree.DefaultBuildTreeLifecycleController.lambda$scheduleAndRunTasks$1(DefaultBuildTreeLifecycleController.java:77)
	at org.gradle.internal.buildtree.DefaultBuildTreeLifecycleController.lambda$runBuild$4(DefaultBuildTreeLifecycleController.java:120)
	at org.gradle.internal.model.StateTransitionController.lambda$transition$6(StateTransitionController.java:169)
	at org.gradle.internal.model.StateTransitionController.doTransition(StateTransitionController.java:266)
	at org.gradle.internal.model.StateTransitionController.lambda$transition$7(StateTransitionController.java:169)
	at org.gradle.internal.work.DefaultSynchronizer.withLock(DefaultSynchronizer.java:44)
	at org.gradle.internal.model.StateTransitionController.transition(StateTransitionController.java:169)
	at org.gradle.internal.buildtree.DefaultBuildTreeLifecycleController.runBuild(DefaultBuildTreeLifecycleController.java:117)
	at org.gradle.internal.buildtree.DefaultBuildTreeLifecycleController.scheduleAndRunTasks(DefaultBuildTreeLifecycleController.java:77)
	at org.gradle.internal.buildtree.DefaultBuildTreeLifecycleController.scheduleAndRunTasks(DefaultBuildTreeLifecycleController.java:72)
	at org.gradle.tooling.internal.provider.ExecuteBuildActionRunner.run(ExecuteBuildActionRunner.java:31)
	at org.gradle.launcher.exec.ChainingBuildActionRunner.run(ChainingBuildActionRunner.java:35)
	at org.gradle.internal.buildtree.ProblemReportingBuildActionRunner.run(ProblemReportingBuildActionRunner.java:49)
	at org.gradle.launcher.exec.BuildOutcomeReportingBuildActionRunner.run(BuildOutcomeReportingBuildActionRunner.java:65)
	at org.gradle.tooling.internal.provider.FileSystemWatchingBuildActionRunner.run(FileSystemWatchingBuildActionRunner.java:140)
	at org.gradle.launcher.exec.BuildCompletionNotifyingBuildActionRunner.run(BuildCompletionNotifyingBuildActionRunner.java:41)
	at org.gradle.launcher.exec.RootBuildLifecycleBuildActionExecutor.lambda$execute$0(RootBuildLifecycleBuildActionExecutor.java:54)
	at org.gradle.composite.internal.DefaultRootBuildState.run(DefaultRootBuildState.java:130)
	at org.gradle.launcher.exec.RootBuildLifecycleBuildActionExecutor.execute(RootBuildLifecycleBuildActionExecutor.java:54)
	at org.gradle.internal.buildtree.InitDeprecationLoggingActionExecutor.execute(InitDeprecationLoggingActionExecutor.java:62)
	at org.gradle.internal.buildtree.InitProblems.execute(InitProblems.java:36)
	at org.gradle.internal.buildtree.DefaultBuildTreeContext.execute(DefaultBuildTreeContext.java:40)
	at org.gradle.launcher.exec.BuildTreeLifecycleBuildActionExecutor.lambda$execute$0(BuildTreeLifecycleBuildActionExecutor.java:71)
	at org.gradle.internal.buildtree.BuildTreeState.run(BuildTreeState.java:60)
	at org.gradle.launcher.exec.BuildTreeLifecycleBuildActionExecutor.execute(BuildTreeLifecycleBuildActionExecutor.java:71)
	at org.gradle.launcher.exec.RunAsBuildOperationBuildActionExecutor$3.call(RunAsBuildOperationBuildActionExecutor.java:61)
	at org.gradle.launcher.exec.RunAsBuildOperationBuildActionExecutor$3.call(RunAsBuildOperationBuildActionExecutor.java:57)
	at org.gradle.internal.operations.DefaultBuildOperationRunner$CallableBuildOperationWorker.execute(DefaultBuildOperationRunner.java:209)
	at org.gradle.internal.operations.DefaultBuildOperationRunner$CallableBuildOperationWorker.execute(DefaultBuildOperationRunner.java:204)
	at org.gradle.internal.operations.DefaultBuildOperationRunner$2.execute(DefaultBuildOperationRunner.java:66)
	at org.gradle.internal.operations.DefaultBuildOperationRunner$2.execute(DefaultBuildOperationRunner.java:59)
	at org.gradle.internal.operations.DefaultBuildOperationRunner.execute(DefaultBuildOperationRunner.java:166)
	at org.gradle.internal.operations.DefaultBuildOperationRunner.execute(DefaultBuildOperationRunner.java:59)
	at org.gradle.internal.operations.DefaultBuildOperationRunner.call(DefaultBuildOperationRunner.java:53)
	at org.gradle.launcher.exec.RunAsBuildOperationBuildActionExecutor.execute(RunAsBuildOperationBuildActionExecutor.java:57)
	at org.gradle.launcher.exec.RunAsWorkerThreadBuildActionExecutor.lambda$execute$0(RunAsWorkerThreadBuildActionExecutor.java:36)
	at org.gradle.internal.work.DefaultWorkerLeaseService.withLocks(DefaultWorkerLeaseService.java:263)
	at org.gradle.internal.work.DefaultWorkerLeaseService.runAsWorkerThread(DefaultWorkerLeaseService.java:127)
	at org.gradle.launcher.exec.RunAsWorkerThreadBuildActionExecutor.execute(RunAsWorkerThreadBuildActionExecutor.java:36)
	at org.gradle.tooling.internal.provider.continuous.ContinuousBuildActionExecutor.execute(ContinuousBuildActionExecutor.java:110)
	at org.gradle.tooling.internal.provider.SubscribableBuildActionExecutor.execute(SubscribableBuildActionExecutor.java:64)
	at org.gradle.internal.session.DefaultBuildSessionContext.execute(DefaultBuildSessionContext.java:46)
	at org.gradle.internal.buildprocess.execution.BuildSessionLifecycleBuildActionExecutor$ActionImpl.apply(BuildSessionLifecycleBuildActionExecutor.java:92)
	at org.gradle.internal.buildprocess.execution.BuildSessionLifecycleBuildActionExecutor$ActionImpl.apply(BuildSessionLifecycleBuildActionExecutor.java:80)
	at org.gradle.internal.session.BuildSessionState.run(BuildSessionState.java:71)
	at org.gradle.internal.buildprocess.execution.BuildSessionLifecycleBuildActionExecutor.execute(BuildSessionLifecycleBuildActionExecutor.java:62)
	at org.gradle.internal.buildprocess.execution.BuildSessionLifecycleBuildActionExecutor.execute(BuildSessionLifecycleBuildActionExecutor.java:41)
	at org.gradle.internal.buildprocess.execution.StartParamsValidatingActionExecutor.execute(StartParamsValidatingActionExecutor.java:64)
	at org.gradle.internal.buildprocess.execution.StartParamsValidatingActionExecutor.execute(StartParamsValidatingActionExecutor.java:32)
	at org.gradle.internal.buildprocess.execution.SessionFailureReportingActionExecutor.execute(SessionFailureReportingActionExecutor.java:51)
	at org.gradle.internal.buildprocess.execution.SessionFailureReportingActionExecutor.execute(SessionFailureReportingActionExecutor.java:39)
	at org.gradle.internal.buildprocess.execution.SetupLoggingActionExecutor.execute(SetupLoggingActionExecutor.java:47)
	at org.gradle.internal.buildprocess.execution.SetupLoggingActionExecutor.execute(SetupLoggingActionExecutor.java:31)
	at org.gradle.launcher.daemon.server.exec.ExecuteBuild.doBuild(ExecuteBuild.java:70)
	at org.gradle.launcher.daemon.server.exec.BuildCommandOnly.execute(BuildCommandOnly.java:37)
	at org.gradle.launcher.daemon.server.api.DaemonCommandExecution.proceed(DaemonCommandExecution.java:104)
	at org.gradle.launcher.daemon.server.exec.WatchForDisconnection.execute(WatchForDisconnection.java:39)
	at org.gradle.launcher.daemon.server.api.DaemonCommandExecution.proceed(DaemonCommandExecution.java:104)
	at org.gradle.launcher.daemon.server.exec.ResetDeprecationLogger.execute(ResetDeprecationLogger.java:29)
	at org.gradle.launcher.daemon.server.api.DaemonCommandExecution.proceed(DaemonCommandExecution.java:104)
	at org.gradle.launcher.daemon.server.exec.RequestStopIfSingleUsedDaemon.execute(RequestStopIfSingleUsedDaemon.java:35)
	at org.gradle.launcher.daemon.server.api.DaemonCommandExecution.proceed(DaemonCommandExecution.java:104)
	at org.gradle.launcher.daemon.server.exec.ForwardClientInput.lambda$execute$0(ForwardClientInput.java:40)
	at org.gradle.internal.daemon.clientinput.ClientInputForwarder.forwardInput(ClientInputForwarder.java:80)
	at org.gradle.launcher.daemon.server.exec.ForwardClientInput.execute(ForwardClientInput.java:37)
	at org.gradle.launcher.daemon.server.api.DaemonCommandExecution.proceed(DaemonCommandExecution.java:104)
	at org.gradle.launcher.daemon.server.exec.LogAndCheckHealth.execute(LogAndCheckHealth.java:53)
	at org.gradle.launcher.daemon.server.api.DaemonCommandExecution.proceed(DaemonCommandExecution.java:104)
	at org.gradle.launcher.daemon.server.exec.LogToClient.doBuild(LogToClient.java:63)
	at org.gradle.launcher.daemon.server.exec.BuildCommandOnly.execute(BuildCommandOnly.java:37)
	at org.gradle.launcher.daemon.server.api.DaemonCommandExecution.proceed(DaemonCommandExecution.java:104)
	at org.gradle.launcher.daemon.server.exec.EstablishBuildEnvironment.doBuild(EstablishBuildEnvironment.java:84)
	at org.gradle.launcher.daemon.server.exec.BuildCommandOnly.execute(BuildCommandOnly.java:37)
	at org.gradle.launcher.daemon.server.api.DaemonCommandExecution.proceed(DaemonCommandExecution.java:104)
	at org.gradle.launcher.daemon.server.exec.StartBuildOrRespondWithBusy$1.run(StartBuildOrRespondWithBusy.java:52)
	at org.gradle.launcher.daemon.server.DaemonStateCoordinator.lambda$runCommand$0(DaemonStateCoordinator.java:321)
	at org.gradle.internal.concurrent.ExecutorPolicy$CatchAndRecordFailures.onExecute(ExecutorPolicy.java:64)
	at org.gradle.internal.concurrent.AbstractManagedExecutor$1.run(AbstractManagedExecutor.java:48)


BUILD FAILED in 1m 2s
